// Jest Snapshot v1, https://goo.gl/fbAQLP

exports[`matches snapshot 1`] = `
<DocumentFragment>
  <div
    style="display: inline-block; margin: 10px;"
  >
    <button>
      x
    </button>
  </div>
</DocumentFragment>
`;
